border_size=1
usage=map

_off^_usr   , _off^_usr   , _off^_usr   , _off^_usr   , _off^_usr   , _off^_usr   , _off^_usr   , _off^_usr   , _off^_usr   , _off^_usr   , _off^_usr   , _off^_usr   , _off^_usr   , _off^_usr   , _off^_usr   , _off^_usr   , _off^_usr   , _off^_usr   , _off^_usr   , _off^_usr   , Xos         , _off^_usr   , Xos         , _off^_usr   , _off^_usr   , _off^_usr   , _off^_usr   , _off^_usr   , _off^_usr   , _off^_usr   , _off^_usr   , _off^_usr   , _off^_usr   , _off^_usr   , _off^_usr   , _off^_usr   , _off^_usr   , _off^_usr   
_off^_usr   , Rr          , Rr          , Rr          , Rr          , Rr          , Rr          , Rr          , Rr          , Rr          , Rr          , Rr          , Aa^Vha      , Aa^Vha      , Rr          , Rr          , Rr          , Rr          , Xos         , Xos         , Rr          , Xos         , Rr          , Xos         , Xos         , Xos         , Rr          , Rr          , Rr          , Rr          , Rr          , Rr          , Rr          , Rr          , Rr          , Rr          , Rr          , Rr          
_off^_usr   , Rr          , Rr          , Rr          , Rr          , Rr          , Rr          , Rr          , Rr          , Rr          , Rr          , Rr          , Rr          , Rr          , Rr          , Rr          , Xos         , Xos         , Rr          , Rr          , Rr          , Rr          , Rr          , Rr          , Rr          , Xos         , Xos         , Rr          , Rr          , Rr          , Rr          , Rr          , Rr          , Rr          , Rr          , Rr          , Rr          , Rr          
_off^_usr   , Rr          , Xos         , Xos         , Xos         , Xos         , Xos         , Xos         , Xos         , Rr          , Rr          , Rr          , Rr          , Rr          , Xos         , Xos         , Rr          , Rr          , Rr          , Rr          , Rr          , Rr          , Rr          , Rr          , Rr          , Rr          , Rr          , Xos         , Xos         , Rr          , Rr          , Rr          , Rr          , Rr          , Rr          , Rr          , Rr          , Rr          
Xos         , Xos         , Rr          , Rr          , Rr          , Rr          , Rr          , Rr          , Xos         , Xos         , Xos         , Xos         , Xos         , Xos         , Rr          , Rr          , Rr          , Rr          , Xos         , Rr          , Rr          , Rr          , Xos         , Rr          , Rr          , Rr          , Rr          , Rr          , Rr          , Xos         , Xos         , Rr          , Rr          , Rr          , Rr          , Rr          , Rr          , Rr          
Xos         , Rr          , Rr          , Rr          , Rr          , Rr          , Rr          , Rr          , Rr          , Xos         , Xos         , Xos         , Rr          , Rr          , Rr          , Rr          , Xos         , Xos         , Rr          , Rr          , Rr          , Rr          , Rr          , Xos         , Xos         , Rr          , Rr          , Rr          , Rr          , Rr          , Rr          , Xos         , Xos         , Rr          , Rr          , Rr          , Rr          , Rr          
Xos         , Rr          , Xos         , Xos         , Xos         , Xos         , Xos         , Rr          , Rr          , Rr          , Xos         , Ds          , Rr          , Rr          , Xos         , Xos         , Rr          , Rr          , Rr          , Rr          , Xos         , Rr          , Rr          , Rr          , Rr          , Xos         , Xos         , Rr          , Rr          , Rr          , Rr          , Rr          , Xos         , Rr          , Rr          , Rr          , Rr          , Rr          
Xos         , Rr          , Rr          , Rr          , Rr          , Rr          , Rr          , Rr          , Xos         , Xos         , Xos         , Xos         , Xos         , Xos         , Rr          , Rr          , Rr          , Rr          , Xos         , Xos         , Rr          , Rr          , Rr          , Rr          , Rr          , Rr          , Rr          , Xos         , Xos         , Rr          , Rr          , Rr          , Xos         , Rr          , Rr          , Rr          , Rr          , Rr          
Xos         , Rr          , Xos         , Rr          , Rr          , Rr          , Xos         , Rr          , Xos         , Rr          , Rr          , Xos         , Rr          , Rr          , Rr          , Rr          , Xos         , Xos         , Rr          , Rr          , Rr          , Rr          , Xos         , Rr          , Rr          , Rr          , Rr          , Rr          , Rr          , Xos         , Xos         , Rr          , Xos         , Rr          , Rr          , Rr          , Rr          , Rr          
Xos         , Rr          , Rr          , Xos         , Xos         , Xos         , Rr          , Rr          , Xos         , Rr          , Rr          , Xos         , Rr          , Rr          , Xos         , Xos         , Rr          , Rr          , Rr          , Rr          , Rr          , Rr          , Rr          , Xos         , Xos         , Rr          , Rr          , Rr          , Rr          , Rr          , Rr          , Xos         , Xos         , Rr          , Rr          , Rr          , Rr          , Rr          
Xos         , Rr          , Rr          , Rr          , Rr          , Rr          , Rr          , Rr          , Xos         , Rr          , Rr          , Xos         , Xos         , Xos         , Rr          , Rr          , Rr          , Rr          , Xos         , Xos         , Rr          , Rr          , Rr          , Rr          , Rr          , Xos         , Xos         , Rr          , Rr          , Rr          , Rr          , Rr          , Xos         , Rr          , Rr          , Rr          , Rr          , Rr          
Xos         , Rr          , Xos         , Rr          , Rr          , Rr          , Xos         , Xos         , Xos         , Rr          , Rr          , Xos         , Rr          , Rr          , Rr          , Rr          , Xos         , Xos         , Rr          , Rr          , Rr          , Rr          , Xos         , Rr          , Rr          , Rr          , Rr          , Xos         , Xos         , Rr          , Rr          , Rr          , Xos         , Rr          , Rr          , Rr          , Rr          , Rr          
_off^_usr   , Xos         , Rr          , Xos         , Xos         , Xos         , Rr          , Rr          , Rr          , Rr          , Rr          , Xos         , Rr          , Rr          , Xos         , Xos         , Rr          , Rr          , Rr          , Rr          , Xos         , Xos         , Rr          , Rr          , Rr          , Rr          , Rr          , Rr          , Rr          , Xos         , Xos         , Rr          , Xos         , Rr          , Rr          , Rr          , Rr          , Rr          
_off^_usr   , Rr          , Rr          , Rr          , Rr          , Rr          , Rr          , Rr          , Rr          , Rr          , Rr          , Xos         , Xos         , Xos         , Rr          , Rr          , Rr          , Rr          , Xos         , Xos         , Rr          , Rr          , Rr          , Rr          , Xos         , Xos         , Rr          , Rr          , Rr          , Rr          , Rr          , Xos         , Xos         , Rr          , Rr          , Rr          , Rr          , Rr          
_off^_usr   , Rr          , Rr          , Rr          , Rr          , Rr          , Rr          , Rr          , Rr          , Rr          , Rr          , Xos         , Rr          , Rr          , Rr          , Rr          , Xos         , Xos         , Rr          , Rr          , Rr          , Rr          , Xos         , Xos         , Rr          , Rr          , Rr          , Rr          , Xos         , Rr          , Rr          , Rr          , Xos         , Rr          , Rr          , Rr          , Rr          , Rr          
_off^_usr   , Rr          , Rr          , Rr          , Rr          , Rr          , Rr          , Rr          , Rr          , Rr          , Rr          , Xos         , Xos         , Rr          , Xos         , Xos         , Rr          , Rr          , Rr          , Rr          , Xos         , Xos         , Rr          , Rr          , Rr          , Rr          , Xos         , Xos         , Rr          , Rr          , Rr          , Rr          , Xos         , Rr          , Rr          , Rr          , Rr          , Rr          
_off^_usr   , Rr          , Rr          , Rr          , Rr          , Rr          , Rr          , Rr          , Rr          , Rr          , Rr          , Rr          , Rr          , Xos         , Xos         , Rr          , Rr          , Rr          , Xos         , Xos         , Rr          , Rr          , Rr          , Rr          , Xos         , Xos         , Rr          , Rr          , Rr          , Rr          , Xos         , Xos         , Rr          , Rr          , Rr          , Rr          , Rr          , Rr          
_off^_usr   , Rr          , Rr          , Rr          , Rr          , Rr          , Rr          , Rr          , Rr          , Rr          , Rr          , Rr          , Rr          , Rr          , Rr          , Xos         , Xos         , Rr          , Xos         , Rr          , Xos         , Rr          , Rr          , Xos         , Rr          , Rr          , Rr          , Rr          , Xos         , Xos         , Rr          , Rr          , Rr          , Rr          , Rr          , Rr          , Rr          , Rr          
_off^_usr   , Rr          , Rr          , Rr          , Rr          , Rr          , Rr          , Rr          , Rr          , Rr          , Rr          , Rr          , Rr          , Rr          , Rr          , Rr          , Xos         , Xos         , Rr          , Xos         , Rr          , Xos         , Re          , Xos         , Xos         , Xos         , Xos         , Xos         , Rr          , Rr          , Rr          , Rr          , Rr          , Rr          , Rr          , Rr          , Rr          , Rr          
_off^_usr   , Rr          , Rr          , Rr          , Rr          , Rr          , Rr          , Rr          , Rr          , Rr          , Rr          , Rr          , Rr          , Rr          , Rr          , Rr          , Xos         , Rr          , Rr          , Rr          , Rr          , Rr          , Rr          , Rr          , Rr          , Rr          , Rr          , Xos         , Xos         , Rr          , Rr          , Rr          , Rr          , Rr          , Rr          , Rr          , Rr          , Rr          
_off^_usr   , Rr          , Rr          , Rr          , Rr          , Rr          , Rr          , Rr          , Rr          , Rr          , Rr          , Rr          , Rr          , Rr          , Xos         , Xos         , Rr          , Xos         , Xos         , Rr          , Rr          , Rr          , Rr          , Rr          , Rr          , Rr          , Rr          , Re          , Rr          , Xos         , Xos         , Rr          , Rr          , Rr          , Rr          , Rr          , Rr          , Rr          
_off^_usr   , Rr          , Rr          , Rr          , Rr          , Rr          , Rr          , Rr          , Rr          , Rr          , Rr          , Rr          , Xos         , Xos         , Rr          , Xos         , Rr          , Rr          , Rr          , Re          , Rr          , Rr          , Rr          , Rr          , Rr          , Rr          , Rr          , Xos         , Rr          , Rr          , Rr          , Xos         , Xos         , Rr          , Rr          , Rr          , Rr          , Rr          
_off^_usr   , Rr          , Rr          , Rr          , Rr          , Rr          , Rr          , Rr          , Rr          , Rr          , Rr          , Xos         , Rr          , Rr          , Rr          , Xos         , Rr          , Rr          , Rr          , Xos         , Xos         , Rr          , Rr          , Rr          , Rr          , Rr          , Xos         , Xos         , Rr          , Rr          , Rr          , Rr          , Rr          , Xos         , Xos         , Rr          , Rr          , Rr          
_off^_usr   , Rr          , Rr          , Rr          , Rr          , Rr          , Rr          , Rr          , Rr          , Rr          , Rr          , Xos         , Rr          , Rr          , Rr          , Xos         , Rr          , Rr          , Rr          , Rr          , Xos         , Xos         , Xos         , Rr          , Re          , Xos         , Xos         , Xos         , Rr          , Rr          , Rr          , Rr          , Rr          , Rr          , Xos         , Rr          , Rr          , Rr          
_off^_usr   , Rr          , Rr          , Rr          , Rr          , Rr          , Rr          , Rr          , Rr          , Rr          , Rr          , Xos         , Rr          , Rr          , Xos         , Re          , Rr          , Rr          , Rr          , Rr          , Xos         , Rr          , Rr          , Xos         , Xos         , Rr          , Rr          , Xos         , Xos         , Rr          , Rr          , Rr          , Rr          , Rr          , Xos         , Rr          , Rr          , Rr          
_off^_usr   , Rr          , Rr          , Rr          , Rr          , Rr          , Rr          , Rr          , Rr          , Rr          , Rr          , Xos         , Xos         , Xos         , Rr          , Rr          , Rr          , Rr          , Rr          , Rr          , Xos         , Rr          , Rr          , Rr          , Xos         , Rr          , Rr          , Rr          , Rr          , Xos         , Xos         , Rr          , Xos         , Xos         , Xos         , Rr          , Rr          , Rr          
_off^_usr   , Rr          , Rr          , Rr          , Rr          , Rr          , Rr          , Rr          , Rr          , Rr          , Rr          , Xos         , Xos         , Rr          , Rr          , Rr          , Rr          , Rr          , Xos         , Xos         , Xos         , Rr          , Rr          , Rr          , Re          , Rr          , Rr          , Rr          , Rr          , Rr          , Xos         , Re          , Rr          , Xos         , Xos         , Rr          , Rr          , Rr          
_off^_usr   , Rr          , Rr          , Rr          , Rr          , Rr          , Rr          , Rr          , Rr          , Rr          , Rr          , Xos         , Rr          , Xos         , Re          , Rr          , Xos         , Xos         , Rr          , Rr          , Xos         , Rr          , Rr          , Rr          , Xos         , Rr          , Rr          , Rr          , Xos         , Xos         , Rr          , Rr          , Rr          , Rr          , Xos         , Rr          , Rr          , Rr          
_off^_usr   , Rr          , Rr          , Rr          , Rr          , Rr          , Rr          , Rr          , Rr          , Rr          , Rr          , Xos         , Rr          , Rr          , Rr          , Xos         , Rr          , Rr          , Rr          , Rr          , Xos         , Rr          , Rr          , Rr          , Xos         , Rr          , Re          , Xos         , Xos         , Rr          , Rr          , Rr          , Rr          , Rr          , Xos         , Rr          , Rr          , Rr          
_off^_usr   , Rr          , Rr          , Rr          , Rr          , Rr          , Rr          , Rr          , Rr          , Rr          , Rr          , Xos         , Rr          , Rr          , Rr          , Xos         , Rr          , Rr          , Rr          , Rr          , Xos         , Rr          , Rr          , Rr          , Xos         , Xos         , Rr          , Rr          , Xos         , Rr          , Rr          , Rr          , Rr          , Rr          , Xos         , Rr          , Rr          , Rr          
_off^_usr   , Rr          , Rr          , Rr          , Rr          , Rr          , Rr          , Rr          , Rr          , Rr          , Rr          , Xos         , Xos         , Rr          , Rr          , Re          , Rr          , Rr          , Rr          , Rr          , Xos         , Rr          , Rr          , Rr          , Xos         , Rr          , Rr          , Rr          , Xos         , Rr          , Rr          , Rr          , Rr          , Rr          , Xos         , Rr          , Rr          , Rr          
_off^_usr   , Rr          , Rr          , Rr          , Rr          , Rr          , Rr          , Rr          , Rr          , Rr          , Rr          , Rr          , Rr          , Xos         , Xos         , Xos         , Rr          , Rr          , Rr          , Rr          , Xos         , Rr          , Xos         , Xos         , Xos         , Rr          , Rr          , Rr          , Xos         , Rr          , Rr          , Rr          , Xos         , Xos         , Rr          , Rr          , Rr          , Rr          
_off^_usr   , Rr          , Rr          , Rr          , Rr          , Rr          , Rr          , Rr          , Rr          , Rr          , Rr          , Rr          , Rr          , Rr          , Rr          , Xos         , Xos         , Rr          , Rr          , Rr          , Re          , Xos         , Rr          , Rr          , Rr          , Xos         , Rr          , Rr          , Xos         , Rr          , Xos         , Xos         , Rr          , Rr          , Rr          , Rr          , Rr          , Rr          
_off^_usr   , Rr          , Rr          , Rr          , Rr          , Rr          , Rr          , Rr          , Rr          , Rr          , Rr          , Rr          , Rr          , Rr          , Rr          , Rr          , Rr          , Xos         , Xos         , Xos         , Rr          , Rr          , Rr          , Rr          , Rr          , Re          , Xos         , Rr          , Xos         , Xos         , Rr          , Rr          , Rr          , Rr          , Rr          , Rr          , Rr          , Rr          
_off^_usr   , Rr          , Rr          , Rr          , Rr          , Rr          , Rr          , Rr          , Rr          , Rr          , Rr          , Rr          , Rr          , Rr          , Rr          , Rr          , Rr          , Rr          , Xos         , Xos         , Xos         , Rr          , Rr          , Rr          , Rr          , Xos         , Xos         , Xos         , Rr          , Rr          , Rr          , Rr          , Rr          , Rr          , Rr          , Rr          , Rr          , Rr          
_off^_usr   , Rr          , Rr          , Rr          , Rr          , Rr          , Rr          , Rr          , Rr          , Rr          , Rr          , Rr          , Rr          , Rr          , Rr          , Rr          , Xos         , Xos         , Rr          , Rr          , Rr          , Re          , Xos         , Rr          , Xos         , Xos         , Rr          , Rr          , Rr          , Rr          , Rr          , Rr          , Rr          , Rr          , Rr          , Rr          , Rr          , Rr          
_off^_usr   , Rr          , Rr          , Rr          , Rr          , Rr          , Rr          , Rr          , Rr          , Rr          , Rr          , Rr          , Rr          , Rr          , Xos         , Xos         , Rr          , Rr          , Rr          , Rr          , Rr          , Rr          , Rr          , Xos         , Xos         , Rr          , Rr          , Rr          , Rr          , Rr          , Rr          , Rr          , Rr          , Rr          , Rr          , Rr          , Rr          , Rr          
_off^_usr   , Rr          , Rr          , Rr          , Rr          , Rr          , Rr          , Rr          , Rr          , Rr          , Rr          , Rr          , Xos         , Xos         , Rr          , Rr          , Rr          , Rr          , Rr          , Rr          , Rr          , Rr          , Rr          , Rr          , Xos         , Xos         , Xos         , Rr          , Rr          , Rr          , Rr          , Rr          , Rr          , Rr          , Rr          , Rr          , Rr          , Rr          
_off^_usr   , Rr          , Rr          , Rr          , Rr          , Rr          , Rr          , Rr          , Rr          , Rr          , Xos         , Xos         , Rr          , Xos         , Xos         , Rr          , Rr          , Rr          , Rr          , Rr          , Rr          , Rr          , Xos         , Xos         , Rr          , Rr          , Rr          , Xos         , Xos         , Rr          , Rr          , Rr          , Rr          , Rr          , Rr          , Rr          , Rr          , Rr          
_off^_usr   , Rr          , Rr          , Rr          , Rr          , Rr          , Rr          , Rr          , Xos         , Xos         , Rr          , Rr          , Rr          , Rr          , Rr          , Xos         , Xos         , Rr          , Rr          , Rr          , Rr          , Xos         , Rr          , Rr          , Rr          , Rr          , Rr          , Rr          , Rr          , Xos         , Xos         , Rr          , Rr          , Rr          , Rr          , Rr          , Rr          , Rr          
_off^_usr   , Rr          , Rr          , Rr          , Rr          , Rr          , Xos         , Xos         , Rr          , Xos         , Xos         , Rr          , Rr          , Rr          , Rr          , Rr          , Rr          , Xos         , Xos         , Rr          , Rr          , Rr          , Rr          , Rr          , Rr          , Rr          , Rr          , Rr          , Rr          , Rr          , Rr          , Xos         , Rr          , Rr          , Rr          , Rr          , Rr          , Rr          
_off^_usr   , Rr          , Rr          , Rr          , Rr          , Rr          , Xos         , Rr          , Rr          , Rr          , Rr          , Xos         , Xos         , Rr          , Rr          , Rr          , Rr          , Rr          , Rr          , Rr          , Rr          , Rr          , Rr          , Xos         , Xos         , Rr          , Rr          , Rr          , Rr          , Rr          , Rr          , Xos         , Rr          , Rr          , Rr          , Rr          , Rr          , Rr          
_off^_usr   , Rr          , Rr          , Rr          , Rr          , Rr          , Xos         , Rr          , Rr          , Rr          , Rr          , Rr          , Rr          , Xos         , Xos         , Rr          , Rr          , Rr          , Rr          , Rr          , Xos         , Rr          , Rr          , Rr          , Rr          , Xos         , Xos         , Rr          , Rr          , Rr          , Rr          , Xos         , Rr          , Rr          , Rr          , Rr          , Rr          , Rr          
_off^_usr   , Rr          , Rr          , Rr          , Rr          , Rr          , Xos         , Rr          , Rr          , Rr          , Rr          , Rr          , Rr          , Rr          , Rr          , Rr          , Rr          , Rr          , Xos         , Xos         , Rr          , Rr          , Rr          , Rr          , Rr          , Rr          , Rr          , Xos         , Xos         , Rr          , Rr          , Xos         , Rr          , Rr          , Rr          , Rr          , Rr          , Rr          
_off^_usr   , Rr          , Rr          , Rr          , Rr          , Rr          , Xos         , Xos         , Xos         , Rr          , Rr          , Rr          , Rr          , Rr          , Rr          , Rr          , Xos         , Xos         , Rr          , Rr          , Rr          , Rr          , Xos         , Rr          , Rr          , Rr          , Rr          , Rr          , Rr          , Xos         , Xos         , Xos         , Rr          , Rr          , Rr          , Rr          , Rr          , Rr          
_off^_usr   , Rr          , Rr          , Rr          , Rr          , Rr          , Xos         , Rr          , Rr          , Xos         , Xos         , Rr          , Rr          , Rr          , Rr          , Xos         , Rr          , Rr          , Rr          , Rr          , Rr          , Rr          , Rr          , Xos         , Xos         , Rr          , Rr          , Rr          , Rr          , Rr          , Rr          , Xos         , Rr          , Rr          , Rr          , Rr          , Rr          , Rr          
_off^_usr   , Rr          , Rr          , Rr          , Rr          , Rr          , Xos         , Rr          , Rr          , Rr          , Rr          , Xos         , Rr          , Rr          , Rr          , Rr          , Rr          , Rr          , Xos         , Rr          , Rr          , Rr          , Rr          , Rr          , Rr          , Xos         , Xos         , Rr          , Rr          , Rr          , Rr          , Xos         , Rr          , Rr          , Rr          , Rr          , Rr          , Rr          
_off^_usr   , Rr          , Rr          , Rr          , Rr          , Rr          , Xos         , Rr          , Rr          , Rr          , Rr          , Rr          , Rr          , Rr          , Xos         , Xos         , Rr          , Rr          , Rr          , Xos         , Xos         , Rr          , Rr          , Rr          , Rr          , Rr          , Rr          , Xos         , Xos         , Rr          , Rr          , Xos         , Rr          , Rr          , Rr          , Rr          , Rr          , Rr          
_off^_usr   , Rr          , Rr          , Rr          , Rr          , Rr          , Xos         , Rr          , Rr          , Rr          , Rr          , Rr          , Xos         , Xos         , Rr          , Rr          , Rr          , Rr          , Rr          , Rr          , Rr          , Xos         , Xos         , Rr          , Rr          , Rr          , Rr          , Rr          , Rr          , Xos         , Rr          , Xos         , Rr          , Rr          , Rr          , Rr          , Rr          , Rr          
_off^_usr   , Rr          , Rr          , Rr          , Rr          , Rr          , Rr          , Xos         , Xos         , Rr          , Xos         , Xos         , Rr          , Rr          , Rr          , Rr          , Xos         , Rr          , Rr          , Rr          , Rr          , Rr          , Rr          , Xos         , Xos         , Rr          , Xos         , Rr          , Rr          , Xos         , Xos         , Xos         , Rr          , Rr          , Rr          , Rr          , Rr          , Rr          
_off^_usr   , Rr          , Rr          , Rr          , Rr          , Rr          , Rr          , Rr          , Rr          , Xos         , Xos         , Rr          , Rr          , Rr          , Rr          , Rr          , Rr          , Xos         , Xos         , Rr          , Rr          , Rr          , Rr          , Rr          , Rr          , Xos         , Rr          , Xos         , Xos         , Xos         , Rr          , Rr          , Rr          , Rr          , Rr          , Rr          , Rr          , Rr          
_off^_usr   , Rr          , Rr          , Rr          , Rr          , Rr          , Rr          , Rr          , Rr          , Rr          , Rr          , Xos         , Xos         , Rr          , Rr          , Rr          , Rr          , Rr          , Rr          , Xos         , Xos         , Rr          , Rr          , Rr          , Rr          , Rr          , Xos         , Xos         , Rr          , Rr          , Rr          , Rr          , Rr          , Rr          , Rr          , Rr          , Rr          , Rr          
_off^_usr   , Rr          , Rr          , Rr          , Rr          , Rr          , Rr          , Rr          , Rr          , Rr          , Rr          , Rr          , Rr          , Xos         , Xos         , Rr          , Rr          , Rr          , 1 Rr        , Rr          , Rr          , Xos         , Xos         , Rr          , Xos         , Xos         , Rr          , Rr          , Rr          , Rr          , Rr          , Rr          , Rr          , Rr          , Rr          , Rr          , Rr          , Rr          
_off^_usr   , Rr          , Rr          , Rr          , Rr          , Rr          , Rr          , Rr          , Rr          , Rr          , Rr          , Rr          , Rr          , Rr          , Rr          , Xos         , Xos         , Rr          , Rr          , Rr          , Rr          , Rr          , Xos         , Xos         , Rr          , Rr          , Rr          , Rr          , Rr          , Rr          , Rr          , Rr          , Rr          , Rr          , Rr          , Rr          , Rr          , Rr          
_off^_usr   , Rr          , Rr          , Rr          , Rr          , Rr          , Rr          , Rr          , Rr          , Rr          , Rr          , Rr          , Rr          , Rr          , Rr          , Rr          , Rr          , Xos         , Xos         , Rr          , Xos         , Xos         , Rr          , Rr          , Rr          , Rr          , Rr          , Rr          , Rr          , Rr          , Rr          , Rr          , Rr          , Rr          , Rr          , Rr          , Rr          , Rr          
_off^_usr   , Rr          , Rr          , Rr          , Rr          , Rr          , Rr          , Rr          , Rr          , Rr          , Rr          , Rr          , Rr          , Rr          , Rr          , Rr          , Rr          , Rr          , Xos         , Ds          , Xos         , Rr          , Rr          , Rr          , Rr          , Rr          , Rr          , Rr          , Rr          , Rr          , Rr          , Rr          , Rr          , Rr          , Rr          , Rr          , Rr          , Rr          
