border_size=1
usage=map

Xu          , Xu          , Xu          , Xu          , Xu          , Xu          , Xu          , Xu          , Xu          , Xu          , Xu          , Xu          , Xu          , Xu          , Xu          , Xu          , Xu          , Xu          , Xu          , Xu          , Xu          , Xu          , Xu          , Xu          , Xu          , Xu          , Xu          , Xu          , Xu          , Xu          , Xu          
Xu          , Xu          , Xu          , Xu          , Xu          , Xu          , Xu          , Xu          , Xu          , Xu          , Xu          , Xu          , Uh          , Uu          , Uh          , Xu          , Uh          , Xu          , Uu          , Ur          , Ur          , Xu          , Cud         , Xu          , Xu          , Xu          , Xu          , Xu          , Xu          , Xu          , Xu          
Xu          , Xu          , Xu          , Xu          , Xu          , Xu          , Xu          , Xu          , Xu          , Xu          , Xu          , Uu          , Xu          , Xu          , Uu          , Ur          , Ur          , Ur          , Xu          , Xu          , Xu          , Uu          , Cud         , Cud         , Xu          , Xu          , Xu          , Xu          , Xu          , Xu          , Xu          
Xu          , Xu          , Xu          , Xu          , Xu          , Xu          , Xu          , Xu          , Xu          , Xu          , Xu          , Uh          , Xu          , Uh          , Xu          , Xu          , Xu          , Xu          , Xu          , Xu          , Ur          , Xu          , Ur          , Cud         , Cud         , 2 Kud       , Xu          , Xu          , Xu          , Xu          , Xu          
Xu          , Xu          , Xu          , Xu          , Xu          , Xu          , Xu          , Xu          , Xu          , Xu          , Xu          , Uu          , Uu          , Ur          , Uu^Vud      , Xu          , Uu^Vud      , Xu          , Ur          , Ur          , Xu          , Ur          , Xu          , Cud         , Cud         , Xu          , Xu          , Xu          , Xu          , Xu          , Xu          
Xu          , Xu          , Xu          , Xu          , Xu          , Xu          , Xu          , Xu          , Xu          , Xu          , Xu          , Xu          , Xu          , Ur          , Xu          , Xu          , Xu          , Ur          , Xu          , Xu          , Xu          , Xu          , Xu          , Xu          , Ur          , Cud         , Xu          , Xu          , Xu          , Xu          , Xu          
Xu          , Xu          , Xu          , Xu          , Xu          , Xu          , Xu          , Xu          , Xu          , Xu          , Xu          , Xu          , Xu          , Qxu^Bs|     , Qxu         , Xu          , Xu          , Ur          , Uh          , Xu          , Xu          , Xu          , Uh          , Ur          , Uu^Vud      , Xu          , Xu          , Xu          , Xu          , Xu          , Xu          
Xu          , Xu          , Xu          , Xu          , Xu          , Xu          , Xu          , Xu          , Xu          , Xu          , Xu          , Xu          , Uu          , Ur          , Ur          , Qxu         , Qxu^Bs/     , Ur          , Xu          , Xu          , Xu          , Xu          , Ur          , Ur          , Xu          , Xu          , Xu          , Xu          , Xu          , Xu          , Xu          
Xu          , Xu          , Xu          , Xu          , Xu          , Xu          , Xu          , Xu          , Xu          , Xu          , Ww          , Uh          , Xu          , Uh          , Ur          , Ur          , Uh          , Qxu         , Xu          , Xu          , Xu          , Ur          , Xu          , Uh          , Xu          , Xu          , Xu          , Xu          , Xu          , Xu          , Xu          
Xu          , Xu          , Xu          , Xu          , Xu          , Xu          , Xu          , Xu          , Uh          , Xu          , Ur          , Uu          , Ur          , Uh          , Uu^Vud      , Ur          , Ur          , Qxu         , Ur          , Uu^Vud      , Uu          , Ur          , Uh          , Uh          , Xu          , Xu          , Xu          , Xu          , Xu          , Xu          , Xu          
Xu          , Xu          , Xu          , Xu          , Xu          , Xu          , Xu          , Uu^Vud      , Ur          , Uu          , Xu          , Ur          , Uh          , Uu          , Xu          , Uu          , Xu          , Qxu^Bs\     , Ur          , Uh          , Xu          , Xu          , Xu          , Xu          , Xu          , Xu          , Xu          , Xu          , Xu          , Xu          , Xu          
Xu          , Xu          , Xu          , Xu          , Xu          , Xu          , Xu          , Xu          , Ur          , Ww          , Xu          , Uu          , Xu          , Xu          , Xu          , Xu          , Qxu         , Qxu         , Uu          , Xu          , Xu          , Xu          , Xu          , Xu          , Xu          , Xu          , Xu          , Xu          , Xu          , Xu          , Xu          
Xu          , Xu          , Uh          , Xu          , Xu          , Ww          , Uh          , Uu          , Ur          , Uh          , Uu          , Uh          , Xu          , Xu          , Xu          , Xu          , Xu          , Xu          , Xu          , Xu          , Xu          , Xu          , Xu          , Xu          , Xu          , Xu          , Xu          , Xu          , Xu          , Xu          , Xu          
Xu          , Uu^Vud      , Uh          , Xu          , Ur          , Uu          , Xu          , Uu^Vud      , Xu          , Uu          , Ww          , Xu          , Xu          , Xu          , Xu          , Xu          , Xu          , Xu          , Xu          , Xu          , Xu          , Xu          , Xu          , Xu          , Xu          , Xu          , Xu          , Xu          , Xu          , Xu          , Xu          
Xu          , Uu          , Ur          , Ur          , Xu          , Ur          , Wwr         , Xu          , Xu          , Uu          , Xu          , Xu          , Xu          , Xu          , Xu          , Xu          , Xu          , Xu          , Xu          , Xu          , Xu          , Xu          , Xu          , Xu          , Xu          , Xu          , Xu          , Xu          , Xu          , Xu          , Xu          
Xu          , Uh          , Uu^Vud      , Wwr         , Xu          , Uh          , Xu          , Uu          , Ur          , Uu          , Uu          , Uu          , Uh          , Uu^Vud      , Ww          , Xu          , Uu          , Ww          , Xu          , Xu          , Xu          , Xu          , Xu          , Xu          , Xu          , Xu          , Xu          , Xu          , Xu          , Xu          , Xu          
Xu          , Xu          , Xu          , Xu          , Ww          , Uh          , Uu          , Ur          , Xu          , Xu          , Xu          , Ur          , Ur          , Ur          , Uu          , Uu          , Xu          , Uu          , Uu          , Xu          , Xu          , Xu          , Xu          , Xu          , Xu          , Xu          , Xu          , Xu          , Xu          , Xu          , Xu          
Xu          , Xu          , Xu          , Xu          , Xu          , Xu          , Uu          , Uu          , Xu          , Xu          , Xu          , Uu          , Uu^Vud      , Uh          , Xu          , Xu          , Ww          , Xu          , Uu          , Ww          , Xu          , Xu          , Ww          , Xu          , Uu          , Xu          , Xu          , Xu          , Xu          , Xu          , Xu          
Xu          , Xu          , Xu          , Xu          , Xu          , Uh          , Uu          , Uu          , Xu          , Xu          , Xu          , Xu          , Xu          , Xu          , Xu          , Xu          , Uu          , Uu          , Xu          , Xu          , Xu          , Xu          , Uu          , Uu          , Uu          , Xu          , Xu          , Xu          , Xu          , Xu          , Xu          
Xu          , Xu          , Xu          , Xu          , Cud         , Cud         , Uu          , Ur          , Xu          , Xu          , Xu          , Xu          , Xu          , Xu          , Xu          , Xu          , Uu          , Xu          , Xu          , Uu          , Ww          , Uu          , Xu          , Wo          , Xu          , Xu          , Xu          , Xu          , Xu          , Xu          , Xu          
Xu          , Xu          , Xu          , Xu          , Kud         , Xu          , Uh          , Ur          , Uh          , Uh          , Uu^Vud      , Xu          , Xu          , Xu          , Xu          , Wo          , Uh          , Xu          , Uu          , Wo          , Xu          , Xu          , Uu          , Ww          , Uu          , Uu          , Wo          , Xu          , Xu          , Xu          , Xu          
Xu          , Xu          , Xu          , Ww          , Cud         , Xu          , Uu          , Ur          , Xu          , Ww          , Xu          , Xu          , Xu          , Xu          , Uu          , Uu          , Wo          , Uu          , Uh          , Uu          , Xu          , Xu          , Ww          , Xu          , Uu          , Xu          , Xu          , Xu          , Xu          , Xu          , Xu          
Xu          , Xu          , Xu          , Xu          , Xu          , Cud         , Uu          , Uh          , Uh          , Xu          , Xu          , Xu          , Uu          , Ww          , Uh          , Uu          , Xu          , Xu          , Xu          , Xu          , Xu          , Xu          , Xu          , Xu          , Wo          , Uu          , Xu          , Xu          , Xu          , Xu          , Xu          
Xu          , Xu          , Xu          , Xu          , Xu          , Xu          , Xu          , Ur          , Uu          , Xu          , Uu          , Uu          , Wo          , Uu          , Xu          , Uu          , Wo          , Wo          , Wo          , Xu          , Xu          , Xu          , Xu          , Uu          , Wo          , Wo          , Xu          , Xu          , Xu          , Xu          , Xu          
Xu          , Xu          , Xu          , Xu          , Xu          , Xu          , Xu          , Ur          , Uu          , Ww          , Uu          , Uh          , Xu          , Xu          , Xu          , Xu          , Xu          , Xu          , Xu          , Wo          , Xu          , Xu          , Xu          , Wwr         , Wo          , Uh          , Ww          , Xu          , Xu          , Xu          , Wo          
Xu          , Xu          , Xu          , Xu          , Xu          , Xu          , Wo          , Uh          , Uh          , Uu          , Xu          , Xu          , Xu          , Xu          , Xu          , Xu          , Xu          , Xu          , Xu          , Wo          , Wo          , Wo          , Wo          , Xu          , Xu          , Uu          , Ww^Vm       , Uu          , Ww          , Xu          , Wo          
Xu          , Xu          , Uu          , Uu          , Ww          , Uu          , Xu          , Xu          , Ur          , Uu          , Xu          , Xu          , Xu          , Xu          , Xu          , Xu          , Xu          , Xu          , Xu          , Xu          , Xu          , Xu          , Xu          , Wo          , Uu          , Uu          , Xu          , Ww          , Chw         , Chw         , Chw         
Wo          , Wo          , Uh          , Uu          , Xu          , Xu          , Xu          , Xu          , Uu          , Uu          , Xu          , Xu          , Xu          , Xu          , Xu          , Xu          , Xu          , Xu          , Xu          , Xu          , Xu          , Xu          , Xu          , Xu          , Xu          , Xu          , Ww^Vm       , Uu          , Chw         , 3 Khw       , Wo          
Wo          , Ww          , Xu          , Xu          , Xu          , Xu          , Ww          , Ur          , Uu^Vu       , Ww          , Xu          , Xu          , Xu          , Xu          , Xu          , Xu          , Xu          , Xu          , Xu          , Xu          , Xu          , Xu          , Xu          , Xu          , Xu          , Xu          , Uh          , Ww          , Chw         , Wo          , Wo          
Xu          , Xu          , Xu          , Xu          , Xu          , Xu          , Uu          , Ur          , Xu          , Xu          , Xu          , Xu          , Xu          , Xu          , Xu          , Xu          , Xu          , Xu          , Xu          , Xu          , Xu          , Xu          , Xu          , Xu          , Xu          , Uu          , Xu          , Uu          , Xu          , Wo          , Wo          
Xu          , Xu          , Xu          , Xu          , Xu          , Xu          , Uu          , Uu          , Xu          , Xu          , Xu          , Xu          , Xu          , Xu          , Xu          , Xu          , Xu          , Xu          , Xu          , Xu          , Xu          , Xu          , Xu          , Xu          , Xu          , Wo          , Xu          , Xu          , Xu          , Xu          , Xu          
Xu          , Xu          , Xu          , Xu          , Xu          , Cud         , Cud         , Cud         , Xu          , Xu          , Xu          , Xu          , Xu          , Xu          , Xu          , Xu          , Xu          , Xu          , Xu          , Xu          , Xu          , Xu          , Xu          , Xu          , Xu          , Xu          , Xu          , Xu          , Xu          , Xu          , Xu          
Xu          , Xu          , Xu          , Xu          , Cud         , Cud         , Cud         , Xu          , Xu          , Xu          , Xu          , Xu          , Xu          , Xu          , Xu          , Xu          , Xu          , Xu          , Xu          , Xu          , Xu          , Xu          , Xu          , Xu          , Xu          , Xu          , Xu          , Xu          , Xu          , Xu          , Xu          
Xu          , Xu          , Xu          , Xu          , Ww          , 1 Kud       , Ww          , Xu          , Xu          , Xu          , Xu          , Xu          , Xu          , Xu          , Xu          , Xu          , Xu          , Xu          , Xu          , Xu          , Xu          , Xu          , Xu          , Xu          , Xu          , Xu          , Xu          , Xu          , Xu          , Xu          , Xu          
Xu          , Xu          , Ww          , Ww          , Ww          , Ww          , Xu          , Xu          , Xu          , Xu          , Xu          , Xu          , Xu          , Xu          , Xu          , Xu          , Xu          , Xu          , Xu          , Xu          , Xu          , Xu          , Xu          , Xu          , Xu          , Xu          , Xu          , Xu          , Xu          , Xu          , Xu          
